// Jest Snapshot v1, https://goo.gl/fbAQLP

exports[`(Component) OasisAccordion should render 1`] = `
<InfoBox
  className="undefined "
  color="default"
  size="md"
  vertical={true}
>
  <FlexBox
    alignContent="stretch"
    alignItems="baseline"
    className=""
    justifyContent="normal"
    vertical={false}
    wrap={false}
  >
    <OasisIcon
      className=""
      icon="arrowDown"
      onClick={[Function]}
      size="lg"
    />
    <div>
      This this a heading!
    </div>
  </FlexBox>
</InfoBox>
`;
