// Jest Snapshot v1, https://goo.gl/fbAQLP

exports[`(Component) OasisTransferTransfer should render 1`] = `<div />`;
