// Jest Snapshot v1, https://goo.gl/fbAQLP

exports[`(Component) OasisStatus should render 1`] = `
<div
  styleName="OasisStatus"
>
  <div />
  <div />
</div>
`;
